
> frontend@0.1.0 build
> next build

Γû▓ Next.js 16.1.6 (Turbopack)

  Creating an optimized production build ...
Γ£ô Compiled successfully in 5.2s
  Running TypeScript ...
  Collecting page data using 31 workers ...
  Generating static pages using 31 workers (0/35) ...
≡ƒîÉ i18next is maintained with support from Locize ΓÇö consider powering your project with managed localization (AI, CDN, integrations): https://locize.com ≡ƒÆÖ
≡ƒîÉ i18next is maintained with support from Locize ΓÇö consider powering your project with managed localization (AI, CDN, integrations): https://locize.com ≡ƒÆÖ
  Generating static pages using 31 workers (8/35) 
  Generating static pages using 31 workers (17/35) 
  Generating static pages using 31 workers (26/35) 
Γ£ô Generating static pages using 31 workers (35/35) in 1252.1ms
  Finalizing page optimization ...

Route (app)
Γöî Γùï /
Γö£ Γùï /_not-found
Γö£ Γùï /app/calculators
Γö£ Γùï /app/conditions
Γö£ ╞Æ /app/conditions/[slug]
Γö£ Γùï /app/dashboard
Γö£ Γùï /app/health-alerts
Γö£ Γùï /app/health-insights
Γö£ Γùï /app/health-twin
Γö£ Γùï /app/image-analysis
Γö£ Γùï /app/lab-reports
Γö£ Γùï /app/location-health
Γö£ Γùï /app/medications
Γö£ Γùï /app/mental-health
Γö£ Γùï /app/my-health
Γö£ Γùï /app/nutrition
Γö£ Γùï /app/population
Γö£ Γùï /app/records
Γö£ Γùï /app/rural-dashboard
Γö£ Γùï /app/settings
Γö£ Γùï /app/symptoms
Γö£ Γùï /app/workspace
Γö£ Γùï /care/adult
Γö£ Γùï /care/child
Γö£ Γùï /care/men
Γö£ Γùï /care/mental
Γö£ Γùï /care/nutrition
Γö£ Γùï /care/senior
Γö£ Γùï /care/sexual
Γö£ Γùï /care/women
Γö£ Γùï /login
Γö£ Γùï /reset-password
Γö£ Γùï /signup
Γöö Γùï /symptoms/start


Γùï  (Static)   prerendered as static content
╞Æ  (Dynamic)  server-rendered on demand

